// Jest Snapshot v1, https://goo.gl/fbAQLP

exports[`FacetEntry Component renders component 1`] = `
<label
  className="facet-entry"
  ufor="facet entry label"
>
  <input
    className="facet-entry__input"
    id="facet entry label"
    name="facet entry label"
    tabIndex="0"
    type="checkbox"
    value="facet entry value"
  />
  <span
    className="facet-entry__label"
  >
    facet entry label
     
    <span>
      2
    </span>
  </span>
</label>
`;
