// Jest Snapshot v1, https://goo.gl/fbAQLP

exports[`Facet Component renders component 1`] = `
<div
  className="facet"
  key="value 1"
>
  <h3>
    name 1
  </h3>
  <label
    className="facet-entry"
    htmlFor="entry label 1"
    key="0"
  >
    <input
      className="facet-entry__input"
      id="entry label 1"
      name="entry label 1"
      onClick={[Function]}
      tabIndex="0"
      type="checkbox"
      value="entry 1"
    />
    <span
      className="facet-entry__label"
    >
      entry label 1
       
      <span>
        2
      </span>
    </span>
  </label>
  <label
    className="facet-entry"
    htmlFor="entry label 2"
    key="1"
  >
    <input
      className="facet-entry__input"
      id="entry label 2"
      name="entry label 2"
      onClick={[Function]}
      tabIndex="0"
      type="checkbox"
      value="entry 2"
    />
    <span
      className="facet-entry__label"
    >
      entry label 2
       
      <span>
        1
      </span>
    </span>
  </label>
</div>
`;
