// Jest Snapshot v1, https://goo.gl/fbAQLP

exports[`Product Grid Component renders component 1`] = `
<div
  className="product-grid"
>
  <Product
    key="0"
    product={
      Object {
        "name": "Product",
        "price": Array [
          Object {
            "currency": "USD",
            "description": "L",
            "usage": "Display",
            "value": "400.0",
          },
        ],
        "thumbnail": "/image/url",
      }
    }
  />
  <Product
    key="1"
    product={
      Object {
        "name": "Product 2",
        "price": Array [
          Object {
            "currency": "USD",
            "description": "L",
            "usage": "Display",
            "value": "200.0",
          },
        ],
        "thumbnail": "/image-2/url",
      }
    }
  />
</div>
`;

exports[`Product Grid Component renders component when no products 1`] = `
<div
  className="product-grid"
>
  <p>
    Sorry, no products
  </p>
</div>
`;
