// Jest Snapshot v1, https://goo.gl/fbAQLP

exports[`Product Component renders component 1`] = `
<div
  className="product"
>
  <a
    href="/"
  >
    <img
      alt="Item name"
      className="product__image"
      src="https://www.demo.salmon-gcp.com/image/url"
    />
    <h2
      className="product__name"
    >
      Item name
    </h2>
    <p
      className="product__price"
    >
      $260.0
    </p>
  </a>
</div>
`;
